2026-10-09 11:20:07.617 xpc HAUTK68F56.dev.voidfs.agent: Couldn’t communicate with a helper application.
2026-10-09 11:20:08.634 bridge FAIL the run: Error Domain=NSCocoaErrorDomain Code=4099 "The connection to service named HAUTK68F56.dev.voidfs.agent was invalidated from this process." UserInfo={NSDebugDescription=The connection to service named HAUTK68F56.dev.voidfs.agent was invalidated from this process.}
2026-10-09 11:20:08.634 bridge bridge checks: 1, failures: 1, 0.0 s
2026-10-09 11:20:10.731 agent: bridge serving HAUTK68F56.dev.voidfs.agent, daemon socket /Users/vishnu/Library/Group Containers/HAUTK68F56.dev.voidfs/daemon/daemon.sock
2026-10-09 11:23:34.118 xpc time XPC ping 4 KiB to HAUTK68F56.dev.voidfs.agent: n=500 mean 71.1 µs, p50 61.5 µs, p90 74.8 µs, p99 110.1 µs, max 4090.7 µs
2026-10-09 11:23:34.145 bridge time XPC ping 4 KiB: n=500 mean 48.5 µs, p50 48.1 µs, p90 59.9 µs, p99 80.5 µs, max 124.7 µs
2026-10-09 11:23:34.160 bridge ok   session on spike: generation 5, root 1, maxIo 8388608
2026-10-09 11:23:34.160 bridge ok   watch relays the initial resync
2026-10-09 11:23:34.160 bridge ok   capabilities arrive: no hard links, exchange or cloning; xattrs 65536
2026-10-09 11:23:34.380 bridge time warm getattr through the bridge: n=1000 mean 215.0 µs, p50 212.7 µs, p90 262.5 µs, p99 321.1 µs, max 401.9 µs
2026-10-09 11:23:34.380 bridge time warm getattr from the memo: n=1000 mean 0.0 µs, p50 0.0 µs, p90 0.0 µs, p99 0.0 µs, max 0.3 µs
2026-10-09 11:23:34.380 bridge time warm lookup from the memo: n=1000 mean 0.1 µs, p50 0.0 µs, p90 0.1 µs, p99 0.1 µs, max 0.5 µs
2026-10-09 11:23:34.385 bridge ok   data: read 4096 bytes
2026-10-09 11:23:34.518 bridge time cache-hit 4096 B read through the bridge: n=1000 mean 132.8 µs, p50 135.5 µs, p90 161.1 µs, p99 197.8 µs, max 286.9 µs
2026-10-09 11:23:34.523 bridge ok   create bridge-1791559414518.bin
2026-10-09 11:23:34.534 bridge ok   write 4096 bytes at 0 (10270 µs)
2026-10-09 11:23:34.538 bridge ok   write 1048576 bytes at 4096 (3931 µs)
2026-10-09 11:23:34.660 bridge ok   write 8388608 bytes at 1052672 (120049 µs)
2026-10-09 11:23:34.664 bridge ok   a write over maxIo is refused by the agent → Invalid argument (22)
2026-10-09 11:23:34.664 bridge ok   a read over maxIo is refused by the agent → Invalid argument (22)
2026-10-09 11:23:34.688 bridge ok   read back 9441280 bytes byte for byte (22383 µs)
2026-10-09 11:23:34.688 bridge ok   handle size 9441280
2026-10-09 11:23:34.708 bridge ok   generation update 1 → 8 after the writes (3 µs after close)
2026-10-09 11:23:34.712 bridge ok   getattr after close sees 9441280 bytes
2026-10-09 11:23:34.716 bridge ok   mkdir
2026-10-09 11:23:34.774 bridge ok   rename keeps the inode
2026-10-09 11:23:34.779 bridge ok   lookup of the old name → No such file or directory (2)
2026-10-09 11:23:34.803 bridge ok   exclusive rename onto a name → File exists (17)
2026-10-09 11:23:34.803 bridge ok   swap rename → Operation not supported (45)
2026-10-09 11:23:34.803 bridge ok   hard link → Operation not supported (45)
2026-10-09 11:23:34.804 bridge ok   clone → Operation not supported (45)
2026-10-09 11:23:34.804 bridge ok   a name with a slash → Invalid argument (22)
2026-10-09 11:23:34.808 bridge ok   setattr mode and a pre-1970 time
2026-10-09 11:23:34.826 bridge ok   the memo follows this client's setattr
2026-10-09 11:23:34.873 bridge ok   getxattr returns the raw bytes
2026-10-09 11:23:34.873 bridge ok   an empty value
2026-10-09 11:23:34.874 bridge ok   listxattr
2026-10-09 11:23:34.875 bridge ok   create an existing xattr → File exists (17)
2026-10-09 11:23:34.876 bridge ok   replace a missing xattr → Attribute not found (93)
2026-10-09 11:23:34.876 bridge ok   an xattr over 64 KiB → Argument list too long (7)
2026-10-09 11:23:34.900 bridge ok   getxattr after remove → Attribute not found (93)
2026-10-09 11:23:34.901 bridge ok   readdir
2026-10-09 11:23:34.901 bridge ok   a page of 0 → Invalid argument (22)
2026-10-09 11:23:34.902 bridge ok   rmdir of a full folder → Directory not empty (66)
2026-10-09 11:23:34.969 bridge ok   lookup after rmdir → No such file or directory (2)
2026-10-09 11:23:34.979 bridge ok   read-only create → Read-only file system (30)
2026-10-09 11:23:34.979 bridge ok   read-only setxattr → Read-only file system (30)
2026-10-09 11:23:34.980 bridge ok   a released session → Stale NFS file handle (70)
2026-10-09 11:23:34.980 bridge memo hits 2000, events 40, generation 40, EAGAIN retries 0
2026-10-09 11:23:34.980 bridge ok   calls after release → Stale NFS file handle (70)
2026-10-09 11:23:34.981 bridge bridge checks: 39, failures: 0, 0.9 s
2026-10-09 11:23:53.367 bridge ready: restart the daemon now (session generation 6, file restart-daemon-1791559433328.txt, handle 25769803777)
2026-10-09 11:23:53.686 bridge old session: Connection refused (61)
2026-10-09 11:23:54.744 bridge old session: Stale NFS file handle (70)
2026-10-09 11:23:54.744 bridge ok   the old session goes stale after the daemon restart
2026-10-09 11:23:54.744 bridge ok   its relay ended
2026-10-09 11:23:54.757 bridge ok   a new session (generation 7, was 6)
2026-10-09 11:23:54.762 bridge ok   the inode survives (896)
2026-10-09 11:23:54.766 bridge ok   acknowledged bytes survive
2026-10-09 11:23:54.767 bridge ok   the journal publishes it after the daemon restart
2026-10-09 11:23:54.768 bridge ok   the old handle on the new session → Stale NFS file handle (70)
2026-10-09 11:23:54.768 bridge ok   the old session → Stale NFS file handle (70)
2026-10-09 11:23:54.776 bridge restart checks: 8, failures: 0
2026-10-09 11:24:05.858 bridge ready: restart the agent now (session generation 8, file restart-agent-1791559445810.txt, handle 34359738369)
2026-10-09 11:24:06.171 bridge old session: Stale NFS file handle (70)
2026-10-09 11:24:06.171 bridge ok   the old session goes stale after the agent restart
2026-10-09 11:24:06.171 bridge ok   its relay ended
2026-10-09 11:24:06.198 agent: bridge serving HAUTK68F56.dev.voidfs.agent, daemon socket /Users/vishnu/Library/Group Containers/HAUTK68F56.dev.voidfs/daemon/daemon.sock
2026-10-09 11:24:06.234 bridge ok   a new session (generation 9, was 8)
2026-10-09 11:24:06.240 bridge ok   the inode survives (924)
2026-10-09 11:24:06.245 bridge ok   acknowledged bytes survive
2026-10-09 11:24:06.246 bridge ok   the journal publishes it after the agent restart
2026-10-09 11:24:06.246 bridge ok   the old session → Stale NFS file handle (70)
2026-10-09 11:24:06.251 bridge restart checks: 7, failures: 0
2026-10-09 11:24:07.227 bridge ready: restart the agent now (session generation 10, file restart-agent-1791559447187.txt, handle 42949672961)
2026-10-09 11:24:07.542 bridge old session: Stale NFS file handle (70)
2026-10-09 11:24:07.542 bridge ok   the old session goes stale after the agent restart
2026-10-09 11:24:07.542 bridge ok   its relay ended
2026-10-09 11:24:16.584 agent: bridge serving HAUTK68F56.dev.voidfs.agent, daemon socket /Users/vishnu/Library/Group Containers/HAUTK68F56.dev.voidfs/daemon/daemon.sock
2026-10-09 11:24:16.613 bridge ok   a new session (generation 10, was 10)
2026-10-09 11:24:16.617 bridge ok   the inode survives (952)
2026-10-09 11:24:16.618 bridge ok   acknowledged bytes survive
2026-10-09 11:24:16.619 bridge ok   the journal publishes it after the agent restart
2026-10-09 11:24:16.619 bridge ok   the old session → Stale NFS file handle (70)
2026-10-09 11:24:16.625 bridge restart checks: 7, failures: 0
2026-10-09 11:24:30.673 bridge ready: change data from outside now (generation 13, version 1.0)
2026-10-09 11:25:34.672 bridge FAIL the remote run: Error Domain=NSPOSIXErrorDomain Code=60 "Operation timed out" UserInfo={code=Timeout, NSLocalizedDescription=no generation update above 13}
2026-10-09 11:25:35.173 bridge ready: change data from outside now (generation 13, version 1.0)
2026-10-09 11:25:35.569 bridge data: inode 2, size 4096, version 134.0
2026-10-09 11:25:35.569 bridge ok   an outside change arrives as generation 14 (0.4 s after ready)
2026-10-09 11:26:40.616 agent: bridge serving HAUTK68F56.dev.voidfs.agent, daemon socket /Users/vishnu/Library/Group Containers/HAUTK68F56.dev.voidfs/daemon/daemon.sock
2026-10-09 11:26:40.659 bridge time XPC ping 4 KiB: n=500 mean 137.9 µs, p50 54.7 µs, p90 66.7 µs, p99 97.5 µs, max 40581.8 µs
2026-10-09 11:26:40.669 bridge ok   session on spike: generation 10, root 1, maxIo 8388608
2026-10-09 11:26:40.669 bridge ok   watch relays the initial resync
2026-10-09 11:26:40.670 bridge ok   capabilities arrive: no hard links, exchange or cloning; xattrs 65536
2026-10-09 11:26:40.922 bridge time warm getattr through the bridge: n=1000 mean 251.1 µs, p50 242.7 µs, p90 302.3 µs, p99 373.3 µs, max 597.0 µs
2026-10-09 11:26:40.922 bridge time warm getattr from the memo: n=1000 mean 0.0 µs, p50 0.0 µs, p90 0.1 µs, p99 0.1 µs, max 0.4 µs
2026-10-09 11:26:40.922 bridge time warm lookup from the memo: n=1000 mean 0.1 µs, p50 0.1 µs, p90 0.1 µs, p99 0.1 µs, max 0.8 µs
2026-10-09 11:26:40.923 bridge ok   data: read 4096 bytes
2026-10-09 11:26:41.035 bridge time cache-hit 4096 B read through the bridge: n=1000 mean 111.6 µs, p50 101.2 µs, p90 140.2 µs, p99 188.8 µs, max 272.2 µs
2026-10-09 11:26:41.040 bridge ok   create bridge-1791559601035.bin
2026-10-09 11:26:41.050 bridge ok   write 4096 bytes at 0 (9398 µs)
2026-10-09 11:26:41.054 bridge ok   write 1048576 bytes at 4096 (3895 µs)
2026-10-09 11:26:41.174 bridge ok   write 8388608 bytes at 1052672 (118788 µs)
2026-10-09 11:26:41.179 bridge ok   a write over maxIo is refused by the agent → Invalid argument (22)
2026-10-09 11:26:41.179 bridge ok   a read over maxIo is refused by the agent → Invalid argument (22)
2026-10-09 11:26:41.205 bridge ok   read back 9441280 bytes byte for byte (24262 µs)
2026-10-09 11:26:41.206 bridge ok   handle size 9441280
2026-10-09 11:26:41.229 bridge ok   generation update 14 → 21 after the writes (3 µs after close)
2026-10-09 11:26:41.233 bridge ok   getattr after close sees 9441280 bytes
2026-10-09 11:26:41.237 bridge ok   mkdir
2026-10-09 11:26:41.294 bridge ok   rename keeps the inode
2026-10-09 11:26:41.298 bridge ok   lookup of the old name → No such file or directory (2)
2026-10-09 11:26:41.323 bridge ok   exclusive rename onto a name → File exists (17)
2026-10-09 11:26:41.324 bridge ok   swap rename → Operation not supported (45)
2026-10-09 11:26:41.324 bridge ok   hard link → Operation not supported (45)
2026-10-09 11:26:41.324 bridge ok   clone → Operation not supported (45)
2026-10-09 11:26:41.324 bridge ok   a name with a slash → Invalid argument (22)
2026-10-09 11:26:41.331 bridge ok   setattr mode and a pre-1970 time
2026-10-09 11:26:41.348 bridge ok   the memo follows this client's setattr
2026-10-09 11:26:41.396 bridge ok   getxattr returns the raw bytes
2026-10-09 11:26:41.397 bridge ok   an empty value
2026-10-09 11:26:41.398 bridge ok   listxattr
2026-10-09 11:26:41.399 bridge ok   create an existing xattr → File exists (17)
2026-10-09 11:26:41.400 bridge ok   replace a missing xattr → Attribute not found (93)
2026-10-09 11:26:41.400 bridge ok   an xattr over 64 KiB → Argument list too long (7)
2026-10-09 11:26:41.423 bridge ok   getxattr after remove → Attribute not found (93)
2026-10-09 11:26:41.424 bridge ok   readdir
2026-10-09 11:26:41.424 bridge ok   a page of 0 → Invalid argument (22)
2026-10-09 11:26:41.425 bridge ok   rmdir of a full folder → Directory not empty (66)
2026-10-09 11:26:41.495 bridge ok   lookup after rmdir → No such file or directory (2)
2026-10-09 11:26:41.505 bridge ok   read-only create → Read-only file system (30)
2026-10-09 11:26:41.505 bridge ok   read-only setxattr → Read-only file system (30)
2026-10-09 11:26:41.506 bridge ok   a released session → Stale NFS file handle (70)
2026-10-09 11:26:41.506 bridge memo hits 2000, events 40, generation 53, EAGAIN retries 0
2026-10-09 11:26:41.506 bridge ok   calls after release → Stale NFS file handle (70)
2026-10-09 11:26:41.507 bridge bridge checks: 39, failures: 0, 0.9 s
2026-10-09 11:27:41.437 agent: bridge serving HAUTK68F56.dev.voidfs.agent, daemon socket /Users/vishnu/Library/Group Containers/HAUTK68F56.dev.voidfs/daemon/daemon.sock
2026-10-09 11:27:41.521 bridge time XPC ping 4 KiB: n=500 mean 87.9 µs, p50 54.4 µs, p90 69.5 µs, p99 117.5 µs, max 15319.5 µs
2026-10-09 11:27:41.532 bridge ok   session on spike: generation 10, root 1, maxIo 8388608
2026-10-09 11:27:41.532 bridge ok   watch relays the initial resync
2026-10-09 11:27:41.532 bridge ok   capabilities arrive: no hard links, exchange or cloning; xattrs 65536
2026-10-09 11:27:41.744 bridge time warm getattr through the bridge: n=1000 mean 211.0 µs, p50 211.4 µs, p90 247.1 µs, p99 302.7 µs, max 331.1 µs
2026-10-09 11:27:41.744 bridge time warm getattr from the memo: n=1000 mean 0.0 µs, p50 0.0 µs, p90 0.1 µs, p99 0.1 µs, max 0.5 µs
2026-10-09 11:27:41.745 bridge time warm lookup from the memo: n=1000 mean 0.1 µs, p50 0.1 µs, p90 0.1 µs, p99 0.1 µs, max 2.8 µs
2026-10-09 11:27:41.745 bridge ok   data: read 4096 bytes
2026-10-09 11:27:41.837 bridge time cache-hit 4096 B read through the bridge: n=1000 mean 91.8 µs, p50 83.0 µs, p90 121.5 µs, p99 138.0 µs, max 162.8 µs
2026-10-09 11:27:41.842 bridge ok   create bridge-1791559661838.bin
2026-10-09 11:27:41.868 bridge ok   write 4096 bytes at 0 (687 µs)
2026-10-09 11:27:41.872 bridge ok   write 1048576 bytes at 4096 (3000 µs)
2026-10-09 11:27:41.987 bridge ok   write 8388608 bytes at 1052672 (113597 µs)
2026-10-09 11:27:41.991 bridge ok   a write over maxIo is refused by the agent → Invalid argument (22)
2026-10-09 11:27:41.991 bridge ok   a read over maxIo is refused by the agent → Invalid argument (22)
2026-10-09 11:27:42.017 bridge ok   read back 9441280 bytes byte for byte (23846 µs)
2026-10-09 11:27:42.017 bridge ok   handle size 9441280
2026-10-09 11:27:42.035 bridge ok   generation update 53 → 60 after the writes (2 µs after close)
2026-10-09 11:27:42.035 bridge ok   getattr after close sees 9441280 bytes
2026-10-09 11:27:42.040 bridge ok   mkdir
2026-10-09 11:27:42.108 bridge ok   rename keeps the inode
2026-10-09 11:27:42.116 bridge ok   lookup of the old name → No such file or directory (2)
2026-10-09 11:27:42.143 bridge ok   exclusive rename onto a name → File exists (17)
2026-10-09 11:27:42.143 bridge ok   swap rename → Operation not supported (45)
2026-10-09 11:27:42.144 bridge ok   hard link → Operation not supported (45)
2026-10-09 11:27:42.144 bridge ok   clone → Operation not supported (45)
2026-10-09 11:27:42.144 bridge ok   a name with a slash → Invalid argument (22)
2026-10-09 11:27:42.149 bridge ok   setattr mode and a pre-1970 time
2026-10-09 11:27:42.167 bridge ok   the memo follows this client's setattr
2026-10-09 11:27:42.213 bridge ok   getxattr returns the raw bytes
2026-10-09 11:27:42.214 bridge ok   an empty value
2026-10-09 11:27:42.214 bridge ok   listxattr
2026-10-09 11:27:42.215 bridge ok   create an existing xattr → File exists (17)
2026-10-09 11:27:42.216 bridge ok   replace a missing xattr → Attribute not found (93)
2026-10-09 11:27:42.216 bridge ok   an xattr over 64 KiB → Argument list too long (7)
2026-10-09 11:27:42.238 bridge ok   getxattr after remove → Attribute not found (93)
2026-10-09 11:27:42.239 bridge ok   readdir
2026-10-09 11:27:42.239 bridge ok   a page of 0 → Invalid argument (22)
2026-10-09 11:27:42.240 bridge ok   rmdir of a full folder → Directory not empty (66)
2026-10-09 11:27:42.298 bridge ok   lookup after rmdir → No such file or directory (2)
2026-10-09 11:27:42.308 bridge ok   read-only create → Read-only file system (30)
2026-10-09 11:27:42.308 bridge ok   read-only setxattr → Read-only file system (30)
2026-10-09 11:27:42.308 bridge ok   a released session → Stale NFS file handle (70)
2026-10-09 11:27:42.308 bridge memo hits 2000, events 42, generation 94, EAGAIN retries 1
2026-10-09 11:27:42.309 bridge ok   calls after release → Stale NFS file handle (70)
2026-10-09 11:27:42.310 bridge bridge checks: 39, failures: 0, 0.8 s
2026-10-09 11:27:42.565 bridge time XPC ping 4 KiB: n=500 mean 65.4 µs, p50 61.2 µs, p90 91.4 µs, p99 123.8 µs, max 170.0 µs
2026-10-09 11:27:42.573 bridge ok   session on spike: generation 10, root 1, maxIo 8388608
2026-10-09 11:27:42.573 bridge ok   watch relays the initial resync
2026-10-09 11:27:42.573 bridge ok   capabilities arrive: no hard links, exchange or cloning; xattrs 65536
2026-10-09 11:27:42.785 bridge time warm getattr through the bridge: n=1000 mean 210.3 µs, p50 209.5 µs, p90 245.0 µs, p99 294.0 µs, max 360.2 µs
2026-10-09 11:27:42.785 bridge time warm getattr from the memo: n=1000 mean 0.0 µs, p50 0.0 µs, p90 0.0 µs, p99 0.1 µs, max 0.5 µs
2026-10-09 11:27:42.785 bridge time warm lookup from the memo: n=1000 mean 0.1 µs, p50 0.1 µs, p90 0.1 µs, p99 0.1 µs, max 0.8 µs
2026-10-09 11:27:42.785 bridge ok   data: read 4096 bytes
2026-10-09 11:27:42.879 bridge time cache-hit 4096 B read through the bridge: n=1000 mean 93.7 µs, p50 94.5 µs, p90 119.3 µs, p99 144.5 µs, max 294.8 µs
2026-10-09 11:27:42.884 bridge ok   create bridge-1791559662880.bin
2026-10-09 11:27:42.907 bridge ok   write 4096 bytes at 0 (707 µs)
2026-10-09 11:27:42.910 bridge ok   write 1048576 bytes at 4096 (2904 µs)
2026-10-09 11:27:42.938 bridge ok   write 8388608 bytes at 1052672 (26424 µs)
2026-10-09 11:27:42.943 bridge ok   a write over maxIo is refused by the agent → Invalid argument (22)
2026-10-09 11:27:42.943 bridge ok   a read over maxIo is refused by the agent → Invalid argument (22)
2026-10-09 11:27:42.968 bridge ok   read back 9441280 bytes byte for byte (23370 µs)
2026-10-09 11:27:42.968 bridge ok   handle size 9441280
2026-10-09 11:27:42.986 bridge ok   generation update 94 → 101 after the writes (2 µs after close)
2026-10-09 11:27:42.987 bridge ok   getattr after close sees 9441280 bytes
2026-10-09 11:27:42.991 bridge ok   mkdir
2026-10-09 11:27:43.047 bridge ok   rename keeps the inode
2026-10-09 11:27:43.058 bridge ok   lookup of the old name → No such file or directory (2)
2026-10-09 11:27:43.094 bridge ok   exclusive rename onto a name → File exists (17)
2026-10-09 11:27:43.095 bridge ok   swap rename → Operation not supported (45)
2026-10-09 11:27:43.095 bridge ok   hard link → Operation not supported (45)
2026-10-09 11:27:43.095 bridge ok   clone → Operation not supported (45)
2026-10-09 11:27:43.096 bridge ok   a name with a slash → Invalid argument (22)
2026-10-09 11:27:43.100 bridge ok   setattr mode and a pre-1970 time
2026-10-09 11:27:43.117 bridge ok   the memo follows this client's setattr
2026-10-09 11:27:43.160 bridge ok   getxattr returns the raw bytes
2026-10-09 11:27:43.161 bridge ok   an empty value
2026-10-09 11:27:43.161 bridge ok   listxattr
2026-10-09 11:27:43.162 bridge ok   create an existing xattr → File exists (17)
2026-10-09 11:27:43.163 bridge ok   replace a missing xattr → Attribute not found (93)
2026-10-09 11:27:43.163 bridge ok   an xattr over 64 KiB → Argument list too long (7)
2026-10-09 11:27:43.185 bridge ok   getxattr after remove → Attribute not found (93)
2026-10-09 11:27:43.186 bridge ok   readdir
2026-10-09 11:27:43.186 bridge ok   a page of 0 → Invalid argument (22)
2026-10-09 11:27:43.186 bridge ok   rmdir of a full folder → Directory not empty (66)
2026-10-09 11:27:43.251 bridge ok   lookup after rmdir → No such file or directory (2)
2026-10-09 11:27:43.260 bridge ok   read-only create → Read-only file system (30)
2026-10-09 11:27:43.260 bridge ok   read-only setxattr → Read-only file system (30)
2026-10-09 11:27:43.260 bridge ok   a released session → Stale NFS file handle (70)
2026-10-09 11:27:43.260 bridge memo hits 2000, events 42, generation 135, EAGAIN retries 0
2026-10-09 11:27:43.261 bridge ok   calls after release → Stale NFS file handle (70)
2026-10-09 11:27:43.261 bridge bridge checks: 39, failures: 0, 0.7 s
2026-10-09 11:27:43.623 bridge time XPC ping 4 KiB: n=500 mean 67.2 µs, p50 64.1 µs, p90 81.9 µs, p99 165.5 µs, max 267.4 µs
2026-10-09 11:27:43.635 bridge ok   session on spike: generation 10, root 1, maxIo 8388608
2026-10-09 11:27:43.635 bridge ok   watch relays the initial resync
2026-10-09 11:27:43.635 bridge ok   capabilities arrive: no hard links, exchange or cloning; xattrs 65536
2026-10-09 11:27:43.850 bridge time warm getattr through the bridge: n=1000 mean 213.8 µs, p50 208.8 µs, p90 272.0 µs, p99 333.2 µs, max 447.2 µs
2026-10-09 11:27:43.850 bridge time warm getattr from the memo: n=1000 mean 0.0 µs, p50 0.0 µs, p90 0.1 µs, p99 0.1 µs, max 0.4 µs
2026-10-09 11:27:43.850 bridge time warm lookup from the memo: n=1000 mean 0.1 µs, p50 0.1 µs, p90 0.1 µs, p99 0.1 µs, max 1.0 µs
2026-10-09 11:27:43.851 bridge ok   data: read 4096 bytes
2026-10-09 11:27:43.931 bridge time cache-hit 4096 B read through the bridge: n=1000 mean 80.4 µs, p50 76.2 µs, p90 93.8 µs, p99 129.5 µs, max 207.2 µs
2026-10-09 11:27:43.937 bridge ok   create bridge-1791559663932.bin
2026-10-09 11:27:43.963 bridge ok   write 4096 bytes at 0 (708 µs)
2026-10-09 11:27:43.966 bridge ok   write 1048576 bytes at 4096 (3263 µs)
2026-10-09 11:27:43.995 bridge ok   write 8388608 bytes at 1052672 (26734 µs)
2026-10-09 11:27:43.999 bridge ok   a write over maxIo is refused by the agent → Invalid argument (22)
2026-10-09 11:27:43.999 bridge ok   a read over maxIo is refused by the agent → Invalid argument (22)
2026-10-09 11:27:44.026 bridge ok   read back 9441280 bytes byte for byte (23927 µs)
2026-10-09 11:27:44.026 bridge ok   handle size 9441280
2026-10-09 11:27:44.050 bridge ok   generation update 135 → 142 after the writes (3 µs after close)
2026-10-09 11:27:44.050 bridge ok   getattr after close sees 9441280 bytes
2026-10-09 11:27:44.054 bridge ok   mkdir
2026-10-09 11:27:44.119 bridge ok   rename keeps the inode
2026-10-09 11:27:44.123 bridge ok   lookup of the old name → No such file or directory (2)
2026-10-09 11:27:44.145 bridge ok   exclusive rename onto a name → File exists (17)
2026-10-09 11:27:44.146 bridge ok   swap rename → Operation not supported (45)
2026-10-09 11:27:44.146 bridge ok   hard link → Operation not supported (45)
2026-10-09 11:27:44.146 bridge ok   clone → Operation not supported (45)
2026-10-09 11:27:44.146 bridge ok   a name with a slash → Invalid argument (22)
2026-10-09 11:27:44.150 bridge ok   setattr mode and a pre-1970 time
2026-10-09 11:27:44.166 bridge ok   the memo follows this client's setattr
2026-10-09 11:27:44.211 bridge ok   getxattr returns the raw bytes
2026-10-09 11:27:44.212 bridge ok   an empty value
2026-10-09 11:27:44.212 bridge ok   listxattr
2026-10-09 11:27:44.213 bridge ok   create an existing xattr → File exists (17)
2026-10-09 11:27:44.214 bridge ok   replace a missing xattr → Attribute not found (93)
2026-10-09 11:27:44.214 bridge ok   an xattr over 64 KiB → Argument list too long (7)
2026-10-09 11:27:44.238 bridge ok   getxattr after remove → Attribute not found (93)
2026-10-09 11:27:44.239 bridge ok   readdir
2026-10-09 11:27:44.239 bridge ok   a page of 0 → Invalid argument (22)
2026-10-09 11:27:44.240 bridge ok   rmdir of a full folder → Directory not empty (66)
2026-10-09 11:27:44.311 bridge ok   lookup after rmdir → No such file or directory (2)
2026-10-09 11:27:44.320 bridge ok   read-only create → Read-only file system (30)
2026-10-09 11:27:44.320 bridge ok   read-only setxattr → Read-only file system (30)
2026-10-09 11:27:44.320 bridge ok   a released session → Stale NFS file handle (70)
2026-10-09 11:27:44.320 bridge memo hits 2000, events 42, generation 176, EAGAIN retries 1
2026-10-09 11:27:44.321 bridge ok   calls after release → Stale NFS file handle (70)
2026-10-09 11:27:44.321 bridge bridge checks: 39, failures: 0, 0.7 s
2026-10-09 11:38:36.791 agent: bridge serving HAUTK68F56.dev.voidfs.agent, daemon socket /Users/vishnu/Library/Group Containers/HAUTK68F56.dev.voidfs/daemon/daemon.sock
2026-10-09 11:38:36.908 bridge time XPC ping 4 KiB: n=500 mean 87.9 µs, p50 55.1 µs, p90 70.5 µs, p99 115.2 µs, max 14914.9 µs
2026-10-09 11:38:36.919 bridge ok   session on spike: generation 15, root 1, maxIo 8388608
2026-10-09 11:38:36.919 bridge ok   watch relays the initial resync
2026-10-09 11:38:36.919 bridge ok   capabilities arrive: no hard links, exchange or cloning; xattrs 65536
2026-10-09 11:38:37.145 bridge time warm getattr through the bridge: n=1000 mean 224.3 µs, p50 215.6 µs, p90 256.5 µs, p99 409.6 µs, max 744.5 µs
2026-10-09 11:38:37.145 bridge time warm getattr from the memo: n=1000 mean 0.0 µs, p50 0.0 µs, p90 0.1 µs, p99 0.1 µs, max 0.5 µs
2026-10-09 11:38:37.145 bridge time warm lookup from the memo: n=1000 mean 0.1 µs, p50 0.1 µs, p90 0.1 µs, p99 0.1 µs, max 0.8 µs
2026-10-09 11:38:37.150 bridge ok   data: read 4096 bytes
2026-10-09 11:38:37.276 bridge time cache-hit 4096 B read through the bridge: n=1000 mean 125.6 µs, p50 126.8 µs, p90 150.7 µs, p99 187.4 µs, max 235.8 µs
2026-10-09 11:38:37.284 bridge FAIL 256 calls at once all answer, 0 after EAGAIN: 256 answered, 0 retried
2026-10-09 11:38:37.289 bridge ok   create bridge-1791560317284.bin
2026-10-09 11:38:37.314 bridge ok   write 4096 bytes at 0 (700 µs)
2026-10-09 11:38:37.318 bridge ok   write 1048576 bytes at 4096 (3033 µs)
2026-10-09 11:38:37.432 bridge ok   write 8388608 bytes at 1052672 (112764 µs)
2026-10-09 11:38:37.438 bridge ok   a write over maxIo is refused by the agent → Invalid argument (22), InvalidArgument
2026-10-09 11:38:37.438 bridge ok   a read over maxIo is refused by the agent → Invalid argument (22), InvalidArgument
2026-10-09 11:38:37.465 bridge ok   read back 9441280 bytes byte for byte (25241 µs)
2026-10-09 11:38:37.466 bridge ok   handle size 9441280
2026-10-09 11:38:37.484 bridge ok   generation update 61 → 68 after the writes (3 µs after close)
2026-10-09 11:38:37.485 bridge ok   getattr after close sees 9441280 bytes
2026-10-09 11:38:37.489 bridge ok   mkdir
2026-10-09 11:38:37.554 bridge ok   rename keeps the inode
2026-10-09 11:38:37.565 bridge ok   lookup of the old name → No such file or directory (2)
2026-10-09 11:38:37.603 bridge ok   exclusive rename onto a name → File exists (17)
2026-10-09 11:38:37.603 bridge ok   swap rename → Operation not supported (45)
2026-10-09 11:38:37.604 bridge ok   hard link → Operation not supported (45)
2026-10-09 11:38:37.604 bridge ok   clone → Operation not supported (45)
2026-10-09 11:38:37.604 bridge ok   a name with a slash → Invalid argument (22)
2026-10-09 11:38:37.609 bridge ok   setattr mode and a pre-1970 time
2026-10-09 11:38:37.628 bridge ok   the memo follows this client's setattr before any event
2026-10-09 11:38:37.669 bridge ok   a repeated getattr comes from the memo
2026-10-09 11:38:37.691 bridge ok   another connection's setattr reaches the memo through the relay
2026-10-09 11:38:37.695 bridge ok   setxattr under a name needing escapes → ok
2026-10-09 11:38:37.738 bridge ok   getxattr returns the raw bytes
2026-10-09 11:38:37.739 bridge ok   an empty value
2026-10-09 11:38:37.740 bridge ok   listxattr
2026-10-09 11:38:37.741 bridge ok   create an existing xattr → File exists (17)
2026-10-09 11:38:37.742 bridge ok   replace a missing xattr → Attribute not found (93)
2026-10-09 11:38:37.742 bridge ok   an xattr over 64 KiB → Argument list too long (7)
2026-10-09 11:38:37.766 bridge ok   getxattr after remove → Attribute not found (93)
2026-10-09 11:38:37.767 bridge ok   readdir
2026-10-09 11:38:37.767 bridge ok   a page of 0 → Invalid argument (22)
2026-10-09 11:38:37.768 bridge ok   rmdir of a full folder → Directory not empty (66)
2026-10-09 11:38:37.831 bridge ok   lookup after rmdir → No such file or directory (2)
2026-10-09 11:38:37.844 bridge ok   read-only create → Read-only file system (30)
2026-10-09 11:38:37.844 bridge ok   read-only setxattr → Read-only file system (30)
2026-10-09 11:38:37.844 bridge ok   a released session → Stale NFS file handle (70)
2026-10-09 11:38:37.844 bridge memo hits 2003, events 44, generation 104, EAGAIN retries 2
2026-10-09 11:38:37.845 bridge ok   calls after release → Stale NFS file handle (70)
2026-10-09 11:38:37.846 bridge bridge checks: 43, failures: 1, 1.0 s
2026-10-09 11:38:37.959 bridge time XPC ping 4 KiB: n=500 mean 69.1 µs, p50 59.4 µs, p90 104.6 µs, p99 153.2 µs, max 225.1 µs
2026-10-09 11:38:37.968 bridge ok   session on spike: generation 15, root 1, maxIo 8388608
2026-10-09 11:38:37.968 bridge ok   watch relays the initial resync
2026-10-09 11:38:37.968 bridge ok   capabilities arrive: no hard links, exchange or cloning; xattrs 65536
2026-10-09 11:38:38.186 bridge time warm getattr through the bridge: n=1000 mean 211.7 µs, p50 207.6 µs, p90 246.2 µs, p99 295.4 µs, max 414.8 µs
2026-10-09 11:38:38.186 bridge time warm getattr from the memo: n=1000 mean 0.0 µs, p50 0.0 µs, p90 0.1 µs, p99 0.1 µs, max 0.5 µs
2026-10-09 11:38:38.187 bridge time warm lookup from the memo: n=1000 mean 0.1 µs, p50 0.1 µs, p90 0.1 µs, p99 0.1 µs, max 0.9 µs
2026-10-09 11:38:38.187 bridge ok   data: read 4096 bytes
2026-10-09 11:38:38.312 bridge time cache-hit 4096 B read through the bridge: n=1000 mean 124.2 µs, p50 124.7 µs, p90 145.1 µs, p99 170.4 µs, max 218.7 µs
2026-10-09 11:38:38.319 bridge ok   256 calls at once all answer, 16 after EAGAIN
2026-10-09 11:38:38.322 bridge ok   create bridge-1791560318319.bin
2026-10-09 11:38:38.345 bridge ok   write 4096 bytes at 0 (642 µs)
2026-10-09 11:38:38.348 bridge ok   write 1048576 bytes at 4096 (2783 µs)
2026-10-09 11:38:38.376 bridge ok   write 8388608 bytes at 1052672 (26086 µs)
2026-10-09 11:38:38.380 bridge ok   a write over maxIo is refused by the agent → Invalid argument (22), InvalidArgument
2026-10-09 11:38:38.380 bridge ok   a read over maxIo is refused by the agent → Invalid argument (22), InvalidArgument
2026-10-09 11:38:38.407 bridge ok   read back 9441280 bytes byte for byte (24768 µs)
2026-10-09 11:38:38.407 bridge ok   handle size 9441280
2026-10-09 11:38:38.426 bridge ok   generation update 105 → 112 after the writes (2 µs after close)
2026-10-09 11:38:38.426 bridge ok   getattr after close sees 9441280 bytes
2026-10-09 11:38:38.430 bridge ok   mkdir
2026-10-09 11:38:38.486 bridge ok   rename keeps the inode
2026-10-09 11:38:38.497 bridge ok   lookup of the old name → No such file or directory (2)
2026-10-09 11:38:38.535 bridge ok   exclusive rename onto a name → File exists (17)
2026-10-09 11:38:38.535 bridge ok   swap rename → Operation not supported (45)
2026-10-09 11:38:38.535 bridge ok   hard link → Operation not supported (45)
2026-10-09 11:38:38.535 bridge ok   clone → Operation not supported (45)
2026-10-09 11:38:38.536 bridge ok   a name with a slash → Invalid argument (22)
2026-10-09 11:38:38.540 bridge ok   setattr mode and a pre-1970 time
2026-10-09 11:38:38.559 bridge ok   the memo follows this client's setattr before any event
2026-10-09 11:38:38.603 bridge ok   a repeated getattr comes from the memo
2026-10-09 11:38:38.627 bridge ok   another connection's setattr reaches the memo through the relay
2026-10-09 11:38:38.632 bridge ok   setxattr under a name needing escapes → ok
2026-10-09 11:38:38.669 bridge ok   getxattr returns the raw bytes
2026-10-09 11:38:38.670 bridge ok   an empty value
2026-10-09 11:38:38.671 bridge ok   listxattr
2026-10-09 11:38:38.671 bridge ok   create an existing xattr → File exists (17)
2026-10-09 11:38:38.672 bridge ok   replace a missing xattr → Attribute not found (93)
2026-10-09 11:38:38.672 bridge ok   an xattr over 64 KiB → Argument list too long (7)
2026-10-09 11:38:38.693 bridge ok   getxattr after remove → Attribute not found (93)
2026-10-09 11:38:38.694 bridge ok   readdir
2026-10-09 11:38:38.694 bridge ok   a page of 0 → Invalid argument (22)
2026-10-09 11:38:38.695 bridge ok   rmdir of a full folder → Directory not empty (66)
2026-10-09 11:38:38.756 bridge ok   lookup after rmdir → No such file or directory (2)
2026-10-09 11:38:38.773 bridge ok   read-only create → Read-only file system (30)
2026-10-09 11:38:38.773 bridge ok   read-only setxattr → Read-only file system (30)
2026-10-09 11:38:38.774 bridge ok   a released session → Stale NFS file handle (70)
2026-10-09 11:38:38.774 bridge memo hits 2003, events 44, generation 148, EAGAIN retries 17
2026-10-09 11:38:38.774 bridge ok   calls after release → Stale NFS file handle (70)
2026-10-09 11:38:38.775 bridge bridge checks: 43, failures: 0, 0.9 s
2026-10-09 11:38:39.022 bridge time XPC ping 4 KiB: n=500 mean 74.5 µs, p50 66.9 µs, p90 104.5 µs, p99 172.6 µs, max 212.2 µs
2026-10-09 11:38:39.032 bridge ok   session on spike: generation 15, root 1, maxIo 8388608
2026-10-09 11:38:39.032 bridge ok   watch relays the initial resync
2026-10-09 11:38:39.032 bridge ok   capabilities arrive: no hard links, exchange or cloning; xattrs 65536
2026-10-09 11:38:39.252 bridge time warm getattr through the bridge: n=1000 mean 215.1 µs, p50 211.6 µs, p90 268.3 µs, p99 352.5 µs, max 388.2 µs
2026-10-09 11:38:39.252 bridge time warm getattr from the memo: n=1000 mean 0.0 µs, p50 0.0 µs, p90 0.0 µs, p99 0.0 µs, max 0.3 µs
2026-10-09 11:38:39.252 bridge time warm lookup from the memo: n=1000 mean 0.1 µs, p50 0.0 µs, p90 0.1 µs, p99 0.1 µs, max 0.7 µs
2026-10-09 11:38:39.253 bridge ok   data: read 4096 bytes
2026-10-09 11:38:39.369 bridge time cache-hit 4096 B read through the bridge: n=1000 mean 115.8 µs, p50 119.1 µs, p90 135.8 µs, p99 160.4 µs, max 195.3 µs
2026-10-09 11:38:39.375 bridge FAIL 256 calls at once all answer, 0 after EAGAIN: 256 answered, 0 retried
2026-10-09 11:38:39.379 bridge ok   create bridge-1791560319375.bin
2026-10-09 11:38:39.404 bridge ok   write 4096 bytes at 0 (581 µs)
2026-10-09 11:38:39.407 bridge ok   write 1048576 bytes at 4096 (2899 µs)
2026-10-09 11:38:39.434 bridge ok   write 8388608 bytes at 1052672 (25624 µs)
2026-10-09 11:38:39.439 bridge ok   a write over maxIo is refused by the agent → Invalid argument (22), InvalidArgument
2026-10-09 11:38:39.440 bridge ok   a read over maxIo is refused by the agent → Invalid argument (22), InvalidArgument
2026-10-09 11:38:39.466 bridge ok   read back 9441280 bytes byte for byte (24590 µs)
2026-10-09 11:38:39.466 bridge ok   handle size 9441280
2026-10-09 11:38:39.485 bridge ok   generation update 149 → 156 after the writes (2 µs after close)
2026-10-09 11:38:39.486 bridge ok   getattr after close sees 9441280 bytes
2026-10-09 11:38:39.490 bridge ok   mkdir
2026-10-09 11:38:39.553 bridge ok   rename keeps the inode
2026-10-09 11:38:39.561 bridge ok   lookup of the old name → No such file or directory (2)
2026-10-09 11:38:39.590 bridge ok   exclusive rename onto a name → File exists (17)
2026-10-09 11:38:39.591 bridge ok   swap rename → Operation not supported (45)
2026-10-09 11:38:39.591 bridge ok   hard link → Operation not supported (45)
2026-10-09 11:38:39.591 bridge ok   clone → Operation not supported (45)
2026-10-09 11:38:39.591 bridge ok   a name with a slash → Invalid argument (22)
2026-10-09 11:38:39.596 bridge ok   setattr mode and a pre-1970 time
2026-10-09 11:38:39.613 bridge ok   the memo follows this client's setattr before any event
2026-10-09 11:38:39.654 bridge ok   a repeated getattr comes from the memo
2026-10-09 11:38:39.679 bridge ok   another connection's setattr reaches the memo through the relay
2026-10-09 11:38:39.684 bridge ok   setxattr under a name needing escapes → ok
2026-10-09 11:38:39.724 bridge ok   getxattr returns the raw bytes
2026-10-09 11:38:39.724 bridge ok   an empty value
2026-10-09 11:38:39.725 bridge ok   listxattr
2026-10-09 11:38:39.726 bridge ok   create an existing xattr → File exists (17)
2026-10-09 11:38:39.726 bridge ok   replace a missing xattr → Attribute not found (93)
2026-10-09 11:38:39.727 bridge ok   an xattr over 64 KiB → Argument list too long (7)
2026-10-09 11:38:39.749 bridge ok   getxattr after remove → Attribute not found (93)
2026-10-09 11:38:39.750 bridge ok   readdir
2026-10-09 11:38:39.750 bridge ok   a page of 0 → Invalid argument (22)
2026-10-09 11:38:39.751 bridge ok   rmdir of a full folder → Directory not empty (66)
2026-10-09 11:38:39.816 bridge ok   lookup after rmdir → No such file or directory (2)
2026-10-09 11:38:39.826 bridge ok   read-only create → Read-only file system (30)
2026-10-09 11:38:39.826 bridge ok   read-only setxattr → Read-only file system (30)
2026-10-09 11:38:39.827 bridge ok   a released session → Stale NFS file handle (70)
2026-10-09 11:38:39.827 bridge memo hits 2003, events 45, generation 193, EAGAIN retries 1
2026-10-09 11:38:39.827 bridge ok   calls after release → Stale NFS file handle (70)
2026-10-09 11:38:39.828 bridge bridge checks: 43, failures: 1, 0.8 s
2026-10-09 11:38:40.085 xpc time XPC ping 4 KiB to HAUTK68F56.dev.voidfs.agent: n=500 mean 93.8 µs, p50 90.9 µs, p90 119.5 µs, p99 193.0 µs, max 284.6 µs
2026-10-09 11:39:12.642 agent: bridge serving HAUTK68F56.dev.voidfs.agent, daemon socket /Users/vishnu/Library/Group Containers/HAUTK68F56.dev.voidfs/daemon/daemon.sock
2026-10-09 11:39:12.736 bridge time XPC ping 4 KiB: n=500 mean 87.8 µs, p50 56.7 µs, p90 69.2 µs, p99 121.7 µs, max 14369.3 µs
2026-10-09 11:39:12.745 bridge ok   session on spike: generation 15, root 1, maxIo 8388608
2026-10-09 11:39:12.745 bridge ok   watch relays the initial resync
2026-10-09 11:39:12.745 bridge ok   capabilities arrive: no hard links, exchange or cloning; xattrs 65536
2026-10-09 11:39:12.956 bridge time warm getattr through the bridge: n=1000 mean 209.5 µs, p50 205.2 µs, p90 247.7 µs, p99 311.2 µs, max 1705.0 µs
2026-10-09 11:39:12.956 bridge time warm getattr from the memo: n=1000 mean 0.0 µs, p50 0.0 µs, p90 0.0 µs, p99 0.0 µs, max 0.3 µs
2026-10-09 11:39:12.956 bridge time warm lookup from the memo: n=1000 mean 0.0 µs, p50 0.0 µs, p90 0.1 µs, p99 0.1 µs, max 0.7 µs
2026-10-09 11:39:12.957 bridge ok   data: read 4096 bytes
2026-10-09 11:39:13.071 bridge time cache-hit 4096 B read through the bridge: n=1000 mean 113.9 µs, p50 107.1 µs, p90 144.2 µs, p99 174.5 µs, max 279.7 µs
2026-10-09 11:39:13.078 bridge ok   256 calls at once all answer, 0 after EAGAIN
2026-10-09 11:39:13.082 bridge ok   create bridge-1791560353078.bin
2026-10-09 11:39:13.106 bridge ok   write 4096 bytes at 0 (657 µs)
2026-10-09 11:39:13.109 bridge ok   write 1048576 bytes at 4096 (2918 µs)
2026-10-09 11:39:13.225 bridge ok   write 8388608 bytes at 1052672 (114363 µs)
2026-10-09 11:39:13.230 bridge ok   a write over maxIo is refused by the agent → Invalid argument (22), InvalidArgument
2026-10-09 11:39:13.230 bridge ok   a read over maxIo is refused by the agent → Invalid argument (22), InvalidArgument
2026-10-09 11:39:13.254 bridge ok   read back 9441280 bytes byte for byte (22145 µs)
2026-10-09 11:39:13.254 bridge ok   handle size 9441280
2026-10-09 11:39:13.272 bridge ok   generation update 193 → 200 after the writes (2 µs after close)
2026-10-09 11:39:13.273 bridge ok   getattr after close sees 9441280 bytes
2026-10-09 11:39:13.277 bridge ok   mkdir
2026-10-09 11:39:13.336 bridge ok   rename keeps the inode
2026-10-09 11:39:13.344 bridge ok   lookup of the old name → No such file or directory (2)
2026-10-09 11:39:13.381 bridge ok   exclusive rename onto a name → File exists (17)
2026-10-09 11:39:13.382 bridge ok   swap rename → Operation not supported (45)
2026-10-09 11:39:13.382 bridge ok   hard link → Operation not supported (45)
2026-10-09 11:39:13.382 bridge ok   clone → Operation not supported (45)
2026-10-09 11:39:13.382 bridge ok   a name with a slash → Invalid argument (22)
2026-10-09 11:39:13.387 bridge ok   setattr mode and a pre-1970 time
2026-10-09 11:39:13.405 bridge ok   the memo follows this client's setattr before any event
2026-10-09 11:39:13.448 bridge ok   a repeated getattr comes from the memo
2026-10-09 11:39:13.471 bridge ok   another connection's setattr reaches the memo through the relay
2026-10-09 11:39:13.476 bridge ok   setxattr under a name needing escapes → ok
2026-10-09 11:39:13.518 bridge ok   getxattr returns the raw bytes
2026-10-09 11:39:13.519 bridge ok   an empty value
2026-10-09 11:39:13.520 bridge ok   listxattr
2026-10-09 11:39:13.521 bridge ok   create an existing xattr → File exists (17)
2026-10-09 11:39:13.522 bridge ok   replace a missing xattr → Attribute not found (93)
2026-10-09 11:39:13.522 bridge ok   an xattr over 64 KiB → Argument list too long (7)
2026-10-09 11:39:13.528 bridge ok   getxattr after remove → Attribute not found (93)
2026-10-09 11:39:13.552 bridge ok   readdir
2026-10-09 11:39:13.552 bridge ok   a page of 0 → Invalid argument (22)
2026-10-09 11:39:13.553 bridge ok   rmdir of a full folder → Directory not empty (66)
2026-10-09 11:39:13.614 bridge ok   lookup after rmdir → No such file or directory (2)
2026-10-09 11:39:13.633 bridge ok   read-only create → Read-only file system (30)
2026-10-09 11:39:13.633 bridge ok   read-only setxattr → Read-only file system (30)
2026-10-09 11:39:13.634 bridge ok   a released session → Stale NFS file handle (70)
2026-10-09 11:39:13.634 bridge memo hits 2003, events 44, generation 236, EAGAIN retries 3
2026-10-09 11:39:13.634 bridge ok   calls after release → Stale NFS file handle (70)
2026-10-09 11:39:13.635 bridge bridge checks: 43, failures: 0, 0.9 s
2026-10-09 11:39:13.782 bridge time XPC ping 4 KiB: n=500 mean 60.5 µs, p50 56.9 µs, p90 72.2 µs, p99 125.5 µs, max 165.4 µs
2026-10-09 11:39:13.791 bridge ok   session on spike: generation 15, root 1, maxIo 8388608
2026-10-09 11:39:13.791 bridge ok   watch relays the initial resync
2026-10-09 11:39:13.791 bridge ok   capabilities arrive: no hard links, exchange or cloning; xattrs 65536
2026-10-09 11:39:14.005 bridge time warm getattr through the bridge: n=1000 mean 209.2 µs, p50 200.2 µs, p90 265.9 µs, p99 339.2 µs, max 500.1 µs
2026-10-09 11:39:14.005 bridge time warm getattr from the memo: n=1000 mean 0.0 µs, p50 0.0 µs, p90 0.0 µs, p99 0.0 µs, max 0.2 µs
2026-10-09 11:39:14.005 bridge time warm lookup from the memo: n=1000 mean 0.1 µs, p50 0.0 µs, p90 0.1 µs, p99 0.1 µs, max 6.3 µs
2026-10-09 11:39:14.006 bridge ok   data: read 4096 bytes
2026-10-09 11:39:14.119 bridge time cache-hit 4096 B read through the bridge: n=1000 mean 112.6 µs, p50 109.5 µs, p90 140.6 µs, p99 171.1 µs, max 223.3 µs
2026-10-09 11:39:14.128 bridge ok   256 calls at once all answer, 0 after EAGAIN
2026-10-09 11:39:14.133 bridge ok   create bridge-1791560354128.bin
2026-10-09 11:39:14.155 bridge ok   write 4096 bytes at 0 (625 µs)
2026-10-09 11:39:14.158 bridge ok   write 1048576 bytes at 4096 (2758 µs)
2026-10-09 11:39:14.185 bridge ok   write 8388608 bytes at 1052672 (25448 µs)
2026-10-09 11:39:14.189 bridge ok   a write over maxIo is refused by the agent → Invalid argument (22), InvalidArgument
2026-10-09 11:39:14.189 bridge ok   a read over maxIo is refused by the agent → Invalid argument (22), InvalidArgument
2026-10-09 11:39:14.215 bridge ok   read back 9441280 bytes byte for byte (24166 µs)
2026-10-09 11:39:14.215 bridge ok   handle size 9441280
2026-10-09 11:39:14.239 bridge ok   generation update 237 → 244 after the writes (2 µs after close)
2026-10-09 11:39:14.239 bridge ok   getattr after close sees 9441280 bytes
2026-10-09 11:39:14.243 bridge ok   mkdir
2026-10-09 11:39:14.306 bridge ok   rename keeps the inode
2026-10-09 11:39:14.314 bridge ok   lookup of the old name → No such file or directory (2)
2026-10-09 11:39:14.345 bridge ok   exclusive rename onto a name → File exists (17)
2026-10-09 11:39:14.345 bridge ok   swap rename → Operation not supported (45)
2026-10-09 11:39:14.345 bridge ok   hard link → Operation not supported (45)
2026-10-09 11:39:14.346 bridge ok   clone → Operation not supported (45)
2026-10-09 11:39:14.346 bridge ok   a name with a slash → Invalid argument (22)
2026-10-09 11:39:14.350 bridge ok   setattr mode and a pre-1970 time
2026-10-09 11:39:14.368 bridge ok   the memo follows this client's setattr before any event
2026-10-09 11:39:14.403 bridge ok   a repeated getattr comes from the memo
2026-10-09 11:39:14.425 bridge ok   another connection's setattr reaches the memo through the relay
2026-10-09 11:39:14.429 bridge ok   setxattr under a name needing escapes → ok
2026-10-09 11:39:14.474 bridge ok   getxattr returns the raw bytes
2026-10-09 11:39:14.474 bridge ok   an empty value
2026-10-09 11:39:14.475 bridge ok   listxattr
2026-10-09 11:39:14.476 bridge ok   create an existing xattr → File exists (17)
2026-10-09 11:39:14.476 bridge ok   replace a missing xattr → Attribute not found (93)
2026-10-09 11:39:14.477 bridge ok   an xattr over 64 KiB → Argument list too long (7)
2026-10-09 11:39:14.501 bridge ok   getxattr after remove → Attribute not found (93)
2026-10-09 11:39:14.502 bridge ok   readdir
2026-10-09 11:39:14.502 bridge ok   a page of 0 → Invalid argument (22)
2026-10-09 11:39:14.503 bridge ok   rmdir of a full folder → Directory not empty (66)
2026-10-09 11:39:14.560 bridge ok   lookup after rmdir → No such file or directory (2)
2026-10-09 11:39:14.573 bridge ok   read-only create → Read-only file system (30)
2026-10-09 11:39:14.573 bridge ok   read-only setxattr → Read-only file system (30)
2026-10-09 11:39:14.574 bridge ok   a released session → Stale NFS file handle (70)
2026-10-09 11:39:14.574 bridge memo hits 2003, events 44, generation 280, EAGAIN retries 0
2026-10-09 11:39:14.574 bridge ok   calls after release → Stale NFS file handle (70)
2026-10-09 11:39:14.575 bridge bridge checks: 43, failures: 0, 0.8 s
2026-10-09 11:39:14.840 bridge time XPC ping 4 KiB: n=500 mean 73.9 µs, p50 66.9 µs, p90 104.9 µs, p99 185.3 µs, max 296.6 µs
2026-10-09 11:39:14.850 bridge ok   session on spike: generation 15, root 1, maxIo 8388608
2026-10-09 11:39:14.850 bridge ok   watch relays the initial resync
2026-10-09 11:39:14.850 bridge ok   capabilities arrive: no hard links, exchange or cloning; xattrs 65536
2026-10-09 11:39:15.067 bridge time warm getattr through the bridge: n=1000 mean 207.8 µs, p50 199.7 µs, p90 263.1 µs, p99 369.0 µs, max 1336.5 µs
2026-10-09 11:39:15.068 bridge time warm getattr from the memo: n=1000 mean 0.1 µs, p50 0.0 µs, p90 0.1 µs, p99 0.1 µs, max 13.8 µs
2026-10-09 11:39:15.068 bridge time warm lookup from the memo: n=1000 mean 0.1 µs, p50 0.1 µs, p90 0.1 µs, p99 0.1 µs, max 1.1 µs
2026-10-09 11:39:15.068 bridge ok   data: read 4096 bytes
2026-10-09 11:39:15.187 bridge time cache-hit 4096 B read through the bridge: n=1000 mean 118.7 µs, p50 118.7 µs, p90 147.5 µs, p99 185.4 µs, max 251.5 µs
2026-10-09 11:39:15.195 bridge ok   256 calls at once all answer, 0 after EAGAIN
2026-10-09 11:39:15.202 bridge ok   create bridge-1791560355195.bin
2026-10-09 11:39:15.227 bridge ok   write 4096 bytes at 0 (691 µs)
2026-10-09 11:39:15.230 bridge ok   write 1048576 bytes at 4096 (3066 µs)
2026-10-09 11:39:15.256 bridge ok   write 8388608 bytes at 1052672 (24494 µs)
2026-10-09 11:39:15.261 bridge ok   a write over maxIo is refused by the agent → Invalid argument (22), InvalidArgument
2026-10-09 11:39:15.261 bridge ok   a read over maxIo is refused by the agent → Invalid argument (22), InvalidArgument
2026-10-09 11:39:15.286 bridge ok   read back 9441280 bytes byte for byte (23384 µs)
2026-10-09 11:39:15.286 bridge ok   handle size 9441280
2026-10-09 11:39:15.326 bridge ok   generation update 281 → 288 after the writes (3 µs after close)
2026-10-09 11:39:15.326 bridge ok   getattr after close sees 9441280 bytes
2026-10-09 11:39:15.330 bridge ok   mkdir
2026-10-09 11:39:15.408 bridge ok   rename keeps the inode
2026-10-09 11:39:15.412 bridge ok   lookup of the old name → No such file or directory (2)
2026-10-09 11:39:15.439 bridge ok   exclusive rename onto a name → File exists (17)
2026-10-09 11:39:15.440 bridge ok   swap rename → Operation not supported (45)
2026-10-09 11:39:15.440 bridge ok   hard link → Operation not supported (45)
2026-10-09 11:39:15.440 bridge ok   clone → Operation not supported (45)
2026-10-09 11:39:15.441 bridge ok   a name with a slash → Invalid argument (22)
2026-10-09 11:39:15.445 bridge ok   setattr mode and a pre-1970 time
2026-10-09 11:39:15.466 bridge ok   the memo follows this client's setattr before any event
2026-10-09 11:39:15.506 bridge ok   a repeated getattr comes from the memo
2026-10-09 11:39:15.528 bridge ok   another connection's setattr reaches the memo through the relay
2026-10-09 11:39:15.537 bridge ok   setxattr under a name needing escapes → ok
2026-10-09 11:39:15.582 bridge ok   getxattr returns the raw bytes
2026-10-09 11:39:15.583 bridge ok   an empty value
2026-10-09 11:39:15.583 bridge ok   listxattr
2026-10-09 11:39:15.584 bridge ok   create an existing xattr → File exists (17)
2026-10-09 11:39:15.585 bridge ok   replace a missing xattr → Attribute not found (93)
2026-10-09 11:39:15.586 bridge ok   an xattr over 64 KiB → Argument list too long (7)
2026-10-09 11:39:15.612 bridge ok   getxattr after remove → Attribute not found (93)
2026-10-09 11:39:15.612 bridge ok   readdir
2026-10-09 11:39:15.613 bridge ok   a page of 0 → Invalid argument (22)
2026-10-09 11:39:15.613 bridge ok   rmdir of a full folder → Directory not empty (66)
2026-10-09 11:39:15.681 bridge ok   lookup after rmdir → No such file or directory (2)
2026-10-09 11:39:15.690 bridge ok   read-only create → Read-only file system (30)
2026-10-09 11:39:15.690 bridge ok   read-only setxattr → Read-only file system (30)
2026-10-09 11:39:15.690 bridge ok   a released session → Stale NFS file handle (70)
2026-10-09 11:39:15.690 bridge memo hits 2002, events 45, generation 325, EAGAIN retries 2
2026-10-09 11:39:15.691 bridge ok   calls after release → Stale NFS file handle (70)
2026-10-09 11:39:15.691 bridge bridge checks: 43, failures: 0, 0.9 s
2026-10-09 11:39:15.905 xpc time XPC ping 4 KiB to HAUTK68F56.dev.voidfs.agent: n=500 mean 97.8 µs, p50 92.4 µs, p90 143.0 µs, p99 234.6 µs, max 301.1 µs
2026-10-09 11:39:44.643 bridge ready: restart the daemon now (session generation 15, file restart-daemon-1791560384594.txt, handle 64424509463)
2026-10-09 11:39:45.009 bridge old session: Stale NFS file handle (70)
2026-10-09 11:39:45.009 bridge ok   the old session goes stale after the daemon restart
2026-10-09 11:39:45.009 bridge ok   its relay ended
2026-10-09 11:39:45.026 bridge ok   a new session (generation 16, was 15)
2026-10-09 11:39:45.031 bridge ok   the inode survives (5597)
2026-10-09 11:39:45.035 bridge ok   acknowledged bytes survive
2026-10-09 11:39:45.036 bridge ok   the journal publishes it after the daemon restart
2026-10-09 11:39:45.036 bridge ok   the old handle on the new session → Stale NFS file handle (70)
2026-10-09 11:39:45.037 bridge ok   the old session → Stale NFS file handle (70)
2026-10-09 11:39:45.041 bridge restart checks: 8, failures: 0
2026-10-09 11:39:45.372 bridge ready: restart the agent now (session generation 17, file restart-agent-1791560385322.txt, handle 73014444033)
2026-10-09 11:39:45.652 agent: bridge serving HAUTK68F56.dev.voidfs.agent, daemon socket /Users/vishnu/Library/Group Containers/HAUTK68F56.dev.voidfs/daemon/daemon.sock
2026-10-09 11:39:45.688 bridge old session: Stale NFS file handle (70)
2026-10-09 11:39:45.688 bridge ok   the old session goes stale after the agent restart
2026-10-09 11:39:45.688 bridge ok   its relay ended
2026-10-09 11:39:45.725 bridge ok   a new session (generation 18, was 17)
2026-10-09 11:39:45.730 bridge ok   the inode survives (5637)
2026-10-09 11:39:45.734 bridge ok   acknowledged bytes survive
2026-10-09 11:39:45.735 bridge ok   the journal publishes it after the agent restart
2026-10-09 11:39:45.735 bridge ok   the old session → Stale NFS file handle (70)
2026-10-09 11:39:45.741 bridge restart checks: 7, failures: 0
2026-10-09 11:39:45.979 bridge ready: restart the agent now (session generation 19, file restart-agent-1791560385934.txt, handle 81604378625)
2026-10-09 11:39:46.305 bridge old session: Stale NFS file handle (70)
2026-10-09 11:39:46.305 bridge ok   the old session goes stale after the agent restart
2026-10-09 11:39:46.305 bridge ok   its relay ended
2026-10-09 11:39:56.347 agent: bridge serving HAUTK68F56.dev.voidfs.agent, daemon socket /Users/vishnu/Library/Group Containers/HAUTK68F56.dev.voidfs/daemon/daemon.sock
2026-10-09 11:39:56.373 bridge ok   a new session (generation 19, was 19)
2026-10-09 11:39:56.377 bridge ok   the inode survives (5677)
2026-10-09 11:39:56.378 bridge ok   acknowledged bytes survive
2026-10-09 11:39:56.379 bridge ok   the journal publishes it after the agent restart
2026-10-09 11:39:56.379 bridge ok   the old session → Stale NFS file handle (70)
2026-10-09 11:39:56.386 bridge restart checks: 7, failures: 0
2026-10-09 11:49:29.286 agent: bridge serving HAUTK68F56.dev.voidfs.agent, daemon socket /Users/vishnu/Library/Application Support/voidfs/daemon.sock
2026-10-09 11:49:29.405 bridge time XPC ping 4 KiB: n=500 mean 86.0 µs, p50 51.3 µs, p90 68.8 µs, p99 126.3 µs, max 15355.8 µs
2026-10-09 11:49:29.420 bridge ok   session on spike: generation 1, root 1, maxIo 8388608
2026-10-09 11:49:29.420 bridge ok   watch relays the initial resync
2026-10-09 11:49:29.420 bridge ok   capabilities arrive: no hard links, exchange or cloning; xattrs 65536
2026-10-09 11:49:29.634 bridge time warm getattr through the bridge: n=1000 mean 207.4 µs, p50 204.5 µs, p90 245.2 µs, p99 292.9 µs, max 386.2 µs
2026-10-09 11:49:29.634 bridge time warm getattr from the memo: n=1000 mean 0.1 µs, p50 0.0 µs, p90 0.1 µs, p99 0.1 µs, max 4.7 µs
2026-10-09 11:49:29.635 bridge time warm lookup from the memo: n=1000 mean 0.1 µs, p50 0.1 µs, p90 0.1 µs, p99 0.1 µs, max 0.8 µs
2026-10-09 11:49:29.636 bridge ok   data: read 4096 bytes
2026-10-09 11:49:29.723 bridge time cache-hit 4096 B read through the bridge: n=1000 mean 87.4 µs, p50 79.7 µs, p90 114.0 µs, p99 140.8 µs, max 169.4 µs
2026-10-09 11:49:29.734 bridge ok   256 calls at once all answer, 21 after EAGAIN
2026-10-09 11:49:29.741 bridge ok   create bridge-1791560969734.bin
2026-10-09 11:49:29.750 bridge ok   write 4096 bytes at 0 (8291 µs)
2026-10-09 11:49:29.754 bridge ok   write 1048576 bytes at 4096 (3891 µs)
2026-10-09 11:49:29.864 bridge ok   write 8388608 bytes at 1052672 (109156 µs)
2026-10-09 11:49:29.870 bridge ok   a write over maxIo is refused by the agent → Invalid argument (22), InvalidArgument
2026-10-09 11:49:29.870 bridge ok   a read over maxIo is refused by the agent → Invalid argument (22), InvalidArgument
2026-10-09 11:49:29.896 bridge ok   read back 9441280 bytes byte for byte (24935 µs)
2026-10-09 11:49:29.897 bridge ok   handle size 9441280
2026-10-09 11:49:29.917 bridge ok   generation update 1 → 8 after the writes (3 µs after close)
2026-10-09 11:49:29.922 bridge ok   getattr after close sees 9441280 bytes
2026-10-09 11:49:29.927 bridge ok   mkdir
2026-10-09 11:49:29.991 bridge ok   rename keeps the inode
2026-10-09 11:49:29.996 bridge ok   lookup of the old name → No such file or directory (2)
2026-10-09 11:49:30.025 bridge ok   exclusive rename onto a name → File exists (17)
2026-10-09 11:49:30.026 bridge ok   swap rename → Operation not supported (45)
2026-10-09 11:49:30.026 bridge ok   hard link → Operation not supported (45)
2026-10-09 11:49:30.026 bridge ok   clone → Operation not supported (45)
2026-10-09 11:49:30.026 bridge ok   a name with a slash → Invalid argument (22)
2026-10-09 11:49:30.031 bridge ok   setattr mode and a pre-1970 time
2026-10-09 11:49:30.051 bridge ok   the memo follows this client's setattr before any event
2026-10-09 11:49:30.093 bridge ok   a repeated getattr comes from the memo
2026-10-09 11:49:30.120 bridge ok   another connection's setattr reaches the memo through the relay
2026-10-09 11:49:30.126 bridge ok   setxattr under a name needing escapes → ok
2026-10-09 11:49:30.167 bridge ok   getxattr returns the raw bytes
2026-10-09 11:49:30.167 bridge ok   an empty value
2026-10-09 11:49:30.168 bridge ok   listxattr
2026-10-09 11:49:30.169 bridge ok   create an existing xattr → File exists (17)
2026-10-09 11:49:30.170 bridge ok   replace a missing xattr → Attribute not found (93)
2026-10-09 11:49:30.170 bridge ok   an xattr over 64 KiB → Argument list too long (7)
2026-10-09 11:49:30.194 bridge ok   getxattr after remove → Attribute not found (93)
2026-10-09 11:49:30.195 bridge ok   readdir
2026-10-09 11:49:30.195 bridge ok   a page of 0 → Invalid argument (22)
2026-10-09 11:49:30.196 bridge ok   rmdir of a full folder → Directory not empty (66)
2026-10-09 11:49:30.255 bridge ok   lookup after rmdir → No such file or directory (2)
2026-10-09 11:49:30.271 bridge ok   read-only create → Read-only file system (30)
2026-10-09 11:49:30.271 bridge ok   read-only setxattr → Read-only file system (30)
2026-10-09 11:49:30.272 bridge ok   a released session → Stale NFS file handle (70)
2026-10-09 11:49:30.272 bridge memo hits 2003, events 43, generation 43, EAGAIN retries 21
2026-10-09 11:49:30.272 bridge ok   calls after release → Stale NFS file handle (70)
2026-10-09 11:49:30.273 bridge bridge checks: 43, failures: 0, 0.9 s
2026-10-09 11:49:45.882 bridge ready: restart the daemon now (session generation 2, file restart-daemon-1791560985845.txt, handle 8589934593)
2026-10-09 11:49:46.215 bridge old session: Connection refused (61)
2026-10-09 11:49:53.251 bridge old session: Stale NFS file handle (70)
2026-10-09 11:49:53.251 bridge ok   the old session goes stale after the daemon restart
2026-10-09 11:49:53.251 bridge ok   its relay ended
2026-10-09 11:49:53.268 bridge ok   a new session (generation 3, was 2)
2026-10-09 11:49:53.272 bridge ok   the inode survives (158)
2026-10-09 11:49:53.273 bridge ok   acknowledged bytes survive
2026-10-09 11:49:53.278 bridge ok   the journal publishes it after the daemon restart
2026-10-09 11:49:53.279 bridge ok   the old handle on the new session → Stale NFS file handle (70)
2026-10-09 11:49:53.279 bridge ok   the old session → Stale NFS file handle (70)
2026-10-09 11:49:53.283 bridge restart checks: 8, failures: 0
